mode: set
github.com/luispabon/steiner/cmd/steiner/approval.go:17.104,18.25 1 0
github.com/luispabon/steiner/cmd/steiner/approval.go:18.25,20.3 1 0
github.com/luispabon/steiner/cmd/steiner/approval.go:21.2,22.9 2 0
github.com/luispabon/steiner/cmd/steiner/approval.go:22.9,25.3 2 0
github.com/luispabon/steiner/cmd/steiner/approval.go:26.2,27.12 2 0
github.com/luispabon/steiner/cmd/steiner/approval.go:34.102,35.25 1 1
github.com/luispabon/steiner/cmd/steiner/approval.go:35.25,37.3 1 0
github.com/luispabon/steiner/cmd/steiner/approval.go:38.2,38.21 1 1
github.com/luispabon/steiner/cmd/steiner/approval.go:38.21,41.3 2 0
github.com/luispabon/steiner/cmd/steiner/approval.go:42.2,43.33 2 1
github.com/luispabon/steiner/cmd/steiner/approval.go:43.33,46.3 2 0
github.com/luispabon/steiner/cmd/steiner/approval.go:47.2,47.52 1 1
github.com/luispabon/steiner/cmd/steiner/approval.go:47.52,50.3 2 1
github.com/luispabon/steiner/cmd/steiner/approval.go:52.2,53.50 2 1
github.com/luispabon/steiner/cmd/steiner/approval.go:54.18,55.69 1 1
github.com/luispabon/steiner/cmd/steiner/approval.go:57.2,58.12 2 1
github.com/luispabon/steiner/cmd/steiner/commands.go:13.38,20.55 2 1
github.com/luispabon/steiner/cmd/steiner/commands.go:20.55,21.18 1 1
github.com/luispabon/steiner/cmd/steiner/commands.go:21.18,23.5 1 1
github.com/luispabon/steiner/cmd/steiner/commands.go:24.4,24.21 1 0
github.com/luispabon/steiner/cmd/steiner/commands.go:24.21,26.5 1 0
github.com/luispabon/steiner/cmd/steiner/commands.go:27.4,27.41 1 0
github.com/luispabon/steiner/cmd/steiner/commands.go:31.2,43.16 11 1
github.com/luispabon/steiner/cmd/steiner/commands.go:46.41,51.55 1 1
github.com/luispabon/steiner/cmd/steiner/commands.go:51.55,54.4 2 0
github.com/luispabon/steiner/cmd/steiner/commands.go:58.55,63.55 1 1
github.com/luispabon/steiner/cmd/steiner/commands.go:63.55,71.18 2 0
github.com/luispabon/steiner/cmd/steiner/commands.go:71.18,73.5 1 0
github.com/luispabon/steiner/cmd/steiner/commands.go:75.4,76.18 2 0
github.com/luispabon/steiner/cmd/steiner/commands.go:76.18,78.5 1 0
github.com/luispabon/steiner/cmd/steiner/commands.go:80.4,81.14 2 0
github.com/luispabon/steiner/cmd/steiner/commands.go:86.54,91.55 1 1
github.com/luispabon/steiner/cmd/steiner/commands.go:91.55,93.18 2 0
github.com/luispabon/steiner/cmd/steiner/commands.go:93.18,95.5 1 0
github.com/luispabon/steiner/cmd/steiner/commands.go:96.4,97.14 2 0
github.com/luispabon/steiner/cmd/steiner/commands.go:102.55,107.55 1 1
github.com/luispabon/steiner/cmd/steiner/commands.go:107.55,109.18 2 0
github.com/luispabon/steiner/cmd/steiner/commands.go:109.18,111.5 1 0
github.com/luispabon/steiner/cmd/steiner/commands.go:112.4,113.14 2 0
github.com/luispabon/steiner/cmd/steiner/commands.go:118.73,119.19 1 0
github.com/luispabon/steiner/cmd/steiner/commands.go:119.19,121.3 1 0
github.com/luispabon/steiner/cmd/steiner/commands.go:122.2,122.21 1 0
github.com/luispabon/steiner/cmd/steiner/commands.go:122.21,125.3 2 0
github.com/luispabon/steiner/cmd/steiner/commands.go:126.2,127.29 2 0
github.com/luispabon/steiner/cmd/steiner/commands.go:127.29,129.3 1 0
github.com/luispabon/steiner/cmd/steiner/exec.go:14.76,16.16 2 1
github.com/luispabon/steiner/cmd/steiner/exec.go:16.16,18.3 1 0
github.com/luispabon/steiner/cmd/steiner/exec.go:19.2,22.22 3 1
github.com/luispabon/steiner/cmd/steiner/exec.go:22.22,24.17 2 1
github.com/luispabon/steiner/cmd/steiner/exec.go:24.17,26.4 1 0
github.com/luispabon/steiner/cmd/steiner/exec.go:28.2,28.22 1 1
github.com/luispabon/steiner/cmd/steiner/exec.go:28.22,30.3 1 1
github.com/luispabon/steiner/cmd/steiner/exec.go:31.2,34.23 3 1
github.com/luispabon/steiner/cmd/steiner/exec.go:34.23,36.3 1 1
github.com/luispabon/steiner/cmd/steiner/exec.go:37.2,45.16 2 1
github.com/luispabon/steiner/cmd/steiner/exec.go:45.16,47.3 1 0
github.com/luispabon/steiner/cmd/steiner/exec.go:48.2,48.12 1 1
github.com/luispabon/steiner/cmd/steiner/exec.go:51.64,52.19 1 1
github.com/luispabon/steiner/cmd/steiner/exec.go:52.19,54.3 1 0
github.com/luispabon/steiner/cmd/steiner/exec.go:55.2,56.33 2 1
github.com/luispabon/steiner/cmd/steiner/exec.go:56.33,58.3 1 0
github.com/luispabon/steiner/cmd/steiner/exec.go:59.2,59.37 1 1
github.com/luispabon/steiner/cmd/steiner/exec.go:62.58,63.57 1 1
github.com/luispabon/steiner/cmd/steiner/exec.go:63.57,65.3 1 1
github.com/luispabon/steiner/cmd/steiner/exec.go:66.2,66.11 1 0
github.com/luispabon/steiner/cmd/steiner/interactive.go:16.68,18.16 2 0
github.com/luispabon/steiner/cmd/steiner/interactive.go:18.16,20.3 1 0
github.com/luispabon/steiner/cmd/steiner/interactive.go:21.2,32.16 11 0
github.com/luispabon/steiner/cmd/steiner/interactive.go:32.16,34.3 1 0
github.com/luispabon/steiner/cmd/steiner/interactive.go:36.2,45.31 1 0
github.com/luispabon/steiner/cmd/steiner/interactive.go:45.31,46.11 1 0
github.com/luispabon/steiner/cmd/steiner/interactive.go:47.29,47.29 0 0
github.com/luispabon/steiner/cmd/steiner/interactive.go:48.12,48.12 0 0
github.com/luispabon/steiner/cmd/steiner/interactive.go:51.28,52.11 1 0
github.com/luispabon/steiner/cmd/steiner/interactive.go:53.38,53.38 0 0
github.com/luispabon/steiner/cmd/steiner/interactive.go:54.12,54.12 0 0
github.com/luispabon/steiner/cmd/steiner/interactive.go:57.34,58.11 1 0
github.com/luispabon/steiner/cmd/steiner/interactive.go:59.37,59.37 0 0
github.com/luispabon/steiner/cmd/steiner/interactive.go:60.12,60.12 0 0
github.com/luispabon/steiner/cmd/steiner/interactive.go:63.50,65.4 1 0
github.com/luispabon/steiner/cmd/steiner/interactive.go:66.36,67.11 1 0
github.com/luispabon/steiner/cmd/steiner/interactive.go:68.29,68.29 0 0
github.com/luispabon/steiner/cmd/steiner/interactive.go:69.12,69.12 0 0
github.com/luispabon/steiner/cmd/steiner/interactive.go:72.19,73.11 1 0
github.com/luispabon/steiner/cmd/steiner/interactive.go:74.36,74.36 0 0
github.com/luispabon/steiner/cmd/steiner/interactive.go:75.12,75.12 0 0
github.com/luispabon/steiner/cmd/steiner/interactive.go:78.21,79.11 1 0
github.com/luispabon/steiner/cmd/steiner/interactive.go:80.38,80.38 0 0
github.com/luispabon/steiner/cmd/steiner/interactive.go:81.12,81.12 0 0
github.com/luispabon/steiner/cmd/steiner/interactive.go:85.2,88.44 1 0
github.com/luispabon/steiner/cmd/steiner/interactive.go:88.44,89.65 1 0
github.com/luispabon/steiner/cmd/steiner/interactive.go:89.65,98.5 1 0
github.com/luispabon/steiner/cmd/steiner/interactive.go:102.2,112.12 6 0
github.com/luispabon/steiner/cmd/steiner/interactive.go:112.12,116.3 3 0
github.com/luispabon/steiner/cmd/steiner/interactive.go:118.2,120.29 3 0
github.com/luispabon/steiner/cmd/steiner/interactive.go:120.29,122.17 2 0
github.com/luispabon/steiner/cmd/steiner/interactive.go:122.17,128.4 1 0
github.com/luispabon/steiner/cmd/steiner/interactive.go:129.3,129.56 1 0
github.com/luispabon/steiner/cmd/steiner/interactive.go:131.2,131.6 1 0
github.com/luispabon/steiner/cmd/steiner/interactive.go:131.6,132.10 1 0
github.com/luispabon/steiner/cmd/steiner/interactive.go:133.21,134.14 1 0
github.com/luispabon/steiner/cmd/steiner/interactive.go:135.25,136.55 1 0
github.com/luispabon/steiner/cmd/steiner/interactive.go:136.55,138.19 2 0
github.com/luispabon/steiner/cmd/steiner/interactive.go:138.19,140.14 2 0
github.com/luispabon/steiner/cmd/steiner/interactive.go:142.5,143.13 2 0
github.com/luispabon/steiner/cmd/steiner/interactive.go:145.4,146.12 2 0
github.com/luispabon/steiner/cmd/steiner/interactive.go:147.23,148.22 1 0
github.com/luispabon/steiner/cmd/steiner/interactive.go:149.25,150.30 1 0
github.com/luispabon/steiner/cmd/steiner/interactive.go:150.30,152.13 2 0
github.com/luispabon/steiner/cmd/steiner/interactive.go:154.4,155.18 2 0
github.com/luispabon/steiner/cmd/steiner/interactive.go:155.18,160.13 2 0
github.com/luispabon/steiner/cmd/steiner/interactive.go:162.4,163.45 2 0
github.com/luispabon/steiner/cmd/steiner/interactive.go:163.45,165.19 2 0
github.com/luispabon/steiner/cmd/steiner/interactive.go:165.19,170.14 2 0
github.com/luispabon/steiner/cmd/steiner/interactive.go:173.4,195.18 6 0
github.com/luispabon/steiner/cmd/steiner/interactive.go:195.18,200.13 2 0
github.com/luispabon/steiner/cmd/steiner/interactive.go:202.4,203.82 2 0
github.com/luispabon/steiner/cmd/steiner/interactive.go:204.30,205.35 1 0
github.com/luispabon/steiner/cmd/steiner/interactive.go:206.30,209.18 3 0
github.com/luispabon/steiner/cmd/steiner/interactive.go:209.18,214.13 2 0
github.com/luispabon/steiner/cmd/steiner/interactive.go:216.4,216.31 1 0
github.com/luispabon/steiner/cmd/steiner/interactive.go:216.31,217.57 1 0
github.com/luispabon/steiner/cmd/steiner/interactive.go:217.57,223.6 1 0
github.com/luispabon/steiner/cmd/steiner/interactive.go:224.5,225.19 2 0
github.com/luispabon/steiner/cmd/steiner/interactive.go:225.19,232.6 2 0
github.com/luispabon/steiner/cmd/steiner/interactive.go:233.5,233.58 1 0
github.com/luispabon/steiner/cmd/steiner/interactive.go:235.4,235.38 1 0
github.com/luispabon/steiner/cmd/steiner/main.go:12.88,14.2 1 0
github.com/luispabon/steiner/cmd/steiner/main.go:16.13,17.51 1 0
github.com/luispabon/steiner/cmd/steiner/main.go:17.51,19.3 1 0
github.com/luispabon/steiner/cmd/steiner/model.go:10.73,12.2 1 1
github.com/luispabon/steiner/cmd/steiner/model.go:14.94,16.17 2 1
github.com/luispabon/steiner/cmd/steiner/model.go:16.17,18.3 1 0
github.com/luispabon/steiner/cmd/steiner/model.go:19.2,20.9 2 1
github.com/luispabon/steiner/cmd/steiner/model.go:20.9,22.3 1 0
github.com/luispabon/steiner/cmd/steiner/model.go:23.2,23.19 1 1
github.com/luispabon/steiner/cmd/steiner/model.go:26.50,27.26 1 0
github.com/luispabon/steiner/cmd/steiner/model.go:27.26,29.3 1 0
github.com/luispabon/steiner/cmd/steiner/model.go:30.2,31.28 2 0
github.com/luispabon/steiner/cmd/steiner/model.go:31.28,33.3 1 0
github.com/luispabon/steiner/cmd/steiner/model.go:34.2,34.14 1 0
github.com/luispabon/steiner/cmd/steiner/model.go:37.58,38.26 1 0
github.com/luispabon/steiner/cmd/steiner/model.go:38.26,40.3 1 0
github.com/luispabon/steiner/cmd/steiner/model.go:41.2,42.38 2 0
github.com/luispabon/steiner/cmd/steiner/model.go:42.38,43.28 1 0
github.com/luispabon/steiner/cmd/steiner/model.go:43.28,45.4 1 0
github.com/luispabon/steiner/cmd/steiner/model.go:47.2,47.14 1 0
github.com/luispabon/steiner/cmd/steiner/runner.go:28.115,33.16 4 1
github.com/luispabon/steiner/cmd/steiner/runner.go:33.16,35.3 1 0
github.com/luispabon/steiner/cmd/steiner/runner.go:37.2,38.38 2 1
github.com/luispabon/steiner/cmd/steiner/runner.go:38.38,40.17 2 0
github.com/luispabon/steiner/cmd/steiner/runner.go:40.17,42.4 1 0
github.com/luispabon/steiner/cmd/steiner/runner.go:44.2,44.17 1 1
github.com/luispabon/steiner/cmd/steiner/runner.go:44.17,46.3 1 0
github.com/luispabon/steiner/cmd/steiner/runner.go:47.2,74.44 5 1
github.com/luispabon/steiner/cmd/steiner/runner.go:74.44,75.40 1 1
github.com/luispabon/steiner/cmd/steiner/runner.go:75.40,77.5 1 1
github.com/luispabon/steiner/cmd/steiner/runner.go:80.2,98.16 5 1
github.com/luispabon/steiner/cmd/steiner/runner.go:98.16,100.3 1 0
github.com/luispabon/steiner/cmd/steiner/runner.go:102.2,106.8 1 1
github.com/luispabon/steiner/cmd/steiner/runner.go:109.74,110.24 1 1
github.com/luispabon/steiner/cmd/steiner/runner.go:110.24,112.3 1 0
github.com/luispabon/steiner/cmd/steiner/runner.go:113.2,114.35 2 1
github.com/luispabon/steiner/cmd/steiner/runner.go:114.35,121.33 2 1
github.com/luispabon/steiner/cmd/steiner/runner.go:121.33,123.43 2 0
github.com/luispabon/steiner/cmd/steiner/runner.go:123.43,129.5 1 0
github.com/luispabon/steiner/cmd/steiner/runner.go:131.3,131.26 1 1
github.com/luispabon/steiner/cmd/steiner/runner.go:133.2,133.12 1 1
github.com/luispabon/steiner/cmd/steiner/runner.go:136.56,137.22 1 1
github.com/luispabon/steiner/cmd/steiner/runner.go:137.22,139.3 1 0
github.com/luispabon/steiner/cmd/steiner/runner.go:140.2,141.31 2 1
github.com/luispabon/steiner/cmd/steiner/runner.go:141.31,143.3 1 1
github.com/luispabon/steiner/cmd/steiner/runner.go:144.2,144.12 1 1
github.com/luispabon/steiner/cmd/steiner/runner.go:147.50,149.41 2 1
github.com/luispabon/steiner/cmd/steiner/runner.go:150.38,152.27 2 1
github.com/luispabon/steiner/cmd/steiner/runner.go:153.30,154.27 1 1
github.com/luispabon/steiner/cmd/steiner/runner.go:156.2,156.15 1 1
github.com/luispabon/steiner/cmd/steiner/runner.go:159.57,160.20 1 1
github.com/luispabon/steiner/cmd/steiner/runner.go:161.70,162.14 1 1
github.com/luispabon/steiner/cmd/steiner/runner.go:163.10,164.15 1 1
github.com/luispabon/steiner/cmd/steiner/runner.go:173.119,175.19 2 1
github.com/luispabon/steiner/cmd/steiner/runner.go:175.19,177.3 1 1
github.com/luispabon/steiner/cmd/steiner/runner.go:178.2,178.18 1 1
github.com/luispabon/steiner/cmd/steiner/runner.go:181.129,183.2 1 1
github.com/luispabon/steiner/cmd/steiner/runner.go:185.52,187.2 1 0
github.com/luispabon/steiner/cmd/steiner/runtime.go:54.104,63.16 3 0
github.com/luispabon/steiner/cmd/steiner/runtime.go:63.16,65.3 1 0
github.com/luispabon/steiner/cmd/steiner/runtime.go:67.2,68.16 2 0
github.com/luispabon/steiner/cmd/steiner/runtime.go:68.16,70.3 1 0
github.com/luispabon/steiner/cmd/steiner/runtime.go:72.2,72.52 1 0
github.com/luispabon/steiner/cmd/steiner/runtime.go:72.52,74.3 1 0
github.com/luispabon/steiner/cmd/steiner/runtime.go:75.2,84.67 2 0
github.com/luispabon/steiner/cmd/steiner/runtime.go:84.67,86.17 2 0
github.com/luispabon/steiner/cmd/steiner/runtime.go:86.17,88.4 1 0
github.com/luispabon/steiner/cmd/steiner/runtime.go:89.3,95.5 1 0
github.com/luispabon/steiner/cmd/steiner/runtime.go:98.2,99.16 2 0
github.com/luispabon/steiner/cmd/steiner/runtime.go:99.16,101.3 1 0
github.com/luispabon/steiner/cmd/steiner/runtime.go:102.2,104.42 3 0
github.com/luispabon/steiner/cmd/steiner/runtime.go:104.42,106.3 1 0
github.com/luispabon/steiner/cmd/steiner/runtime.go:107.2,107.38 1 0
github.com/luispabon/steiner/cmd/steiner/runtime.go:107.38,109.17 2 0
github.com/luispabon/steiner/cmd/steiner/runtime.go:109.17,111.4 1 0
github.com/luispabon/steiner/cmd/steiner/runtime.go:112.3,113.27 2 0
github.com/luispabon/steiner/cmd/steiner/runtime.go:115.2,116.16 2 0
github.com/luispabon/steiner/cmd/steiner/runtime.go:116.16,118.3 1 0
github.com/luispabon/steiner/cmd/steiner/runtime.go:120.2,121.16 2 0
github.com/luispabon/steiner/cmd/steiner/runtime.go:121.16,123.3 1 0
github.com/luispabon/steiner/cmd/steiner/runtime.go:124.2,125.16 2 0
github.com/luispabon/steiner/cmd/steiner/runtime.go:125.16,127.3 1 0
github.com/luispabon/steiner/cmd/steiner/runtime.go:129.2,131.16 3 0
github.com/luispabon/steiner/cmd/steiner/runtime.go:131.16,133.3 1 0
github.com/luispabon/steiner/cmd/steiner/runtime.go:134.2,135.38 2 0
github.com/luispabon/steiner/cmd/steiner/runtime.go:135.38,137.3 1 0
github.com/luispabon/steiner/cmd/steiner/runtime.go:139.2,141.16 3 0
github.com/luispabon/steiner/cmd/steiner/runtime.go:141.16,143.3 1 0
github.com/luispabon/steiner/cmd/steiner/runtime.go:145.2,165.8 4 0
github.com/luispabon/steiner/cmd/steiner/runtime.go:168.35,169.29 1 1
github.com/luispabon/steiner/cmd/steiner/runtime.go:169.29,170.50 1 0
github.com/luispabon/steiner/cmd/steiner/runtime.go:170.50,176.4 1 0
github.com/luispabon/steiner/cmd/steiner/runtime.go:178.2,178.23 1 1
github.com/luispabon/steiner/cmd/steiner/runtime.go:178.23,179.38 1 1
github.com/luispabon/steiner/cmd/steiner/runtime.go:179.38,185.4 1 0
github.com/luispabon/steiner/cmd/steiner/runtime.go:189.71,191.29 2 0
github.com/luispabon/steiner/cmd/steiner/runtime.go:191.29,193.3 1 0
github.com/luispabon/steiner/cmd/steiner/runtime.go:194.2,195.16 2 0
github.com/luispabon/steiner/cmd/steiner/runtime.go:195.16,197.3 1 0
github.com/luispabon/steiner/cmd/steiner/runtime.go:198.2,198.40 1 0
github.com/luispabon/steiner/cmd/steiner/runtime.go:201.56,203.33 2 0
github.com/luispabon/steiner/cmd/steiner/runtime.go:203.33,204.20 1 0
github.com/luispabon/steiner/cmd/steiner/runtime.go:204.20,206.4 1 0
github.com/luispabon/steiner/cmd/steiner/runtime.go:208.2,208.25 1 0
github.com/luispabon/steiner/cmd/steiner/runtime.go:208.25,210.3 1 0
github.com/luispabon/steiner/cmd/steiner/runtime.go:211.2,211.22 1 0
github.com/luispabon/steiner/cmd/steiner/runtime.go:211.22,213.36 2 0
github.com/luispabon/steiner/cmd/steiner/runtime.go:213.36,214.54 1 0
github.com/luispabon/steiner/cmd/steiner/runtime.go:214.54,216.5 1 0
github.com/luispabon/steiner/cmd/steiner/runtime.go:218.3,218.18 1 0
github.com/luispabon/steiner/cmd/steiner/runtime.go:222.50,223.26 1 1
github.com/luispabon/steiner/cmd/steiner/runtime.go:223.26,225.3 1 1
github.com/luispabon/steiner/cmd/steiner/runtime.go:226.2,226.23 1 1
github.com/luispabon/steiner/cmd/steiner/state.go:23.67,25.34 2 0
github.com/luispabon/steiner/cmd/steiner/state.go:25.34,27.3 1 0
github.com/luispabon/steiner/cmd/steiner/state.go:28.2,31.3 1 0
github.com/luispabon/steiner/cmd/steiner/state.go:34.60,35.47 1 0
github.com/luispabon/steiner/cmd/steiner/state.go:35.47,37.3 1 0
github.com/luispabon/steiner/cmd/steiner/state.go:38.2,40.22 3 0
github.com/luispabon/steiner/cmd/steiner/state.go:40.22,42.3 1 0
github.com/luispabon/steiner/cmd/steiner/state.go:43.2,43.27 1 0
github.com/luispabon/steiner/cmd/steiner/state.go:46.49,47.14 1 0
github.com/luispabon/steiner/cmd/steiner/state.go:47.14,49.3 1 0
github.com/luispabon/steiner/cmd/steiner/state.go:50.2,54.31 4 0
github.com/luispabon/steiner/cmd/steiner/state.go:54.31,55.22 1 0
github.com/luispabon/steiner/cmd/steiner/state.go:55.22,57.4 1 0
github.com/luispabon/steiner/cmd/steiner/state.go:59.2,59.14 1 0
github.com/luispabon/steiner/cmd/steiner/state.go:62.78,63.14 1 0
github.com/luispabon/steiner/cmd/steiner/state.go:63.14,65.3 1 0
github.com/luispabon/steiner/cmd/steiner/state.go:66.2,76.22 4 0
github.com/luispabon/steiner/cmd/steiner/state.go:79.81,80.14 1 0
github.com/luispabon/steiner/cmd/steiner/state.go:80.14,82.3 1 0
github.com/luispabon/steiner/cmd/steiner/state.go:83.2,85.23 3 0
github.com/luispabon/steiner/cmd/steiner/state.go:85.23,87.3 1 0
github.com/luispabon/steiner/cmd/steiner/state.go:88.2,96.21 2 0
github.com/luispabon/steiner/cmd/steiner/state.go:99.40,100.18 1 0
github.com/luispabon/steiner/cmd/steiner/state.go:100.18,102.3 1 0
github.com/luispabon/steiner/cmd/steiner/state.go:103.2,104.16 2 0
github.com/luispabon/steiner/cmd/steiner/tools.go:12.77,80.2 2 0
github.com/luispabon/steiner/cmd/steiner/tools.go:82.64,83.75 1 0
github.com/luispabon/steiner/cmd/steiner/tools.go:83.75,85.3 1 0
github.com/luispabon/steiner/cmd/steiner/tools.go:86.2,86.45 1 0
github.com/luispabon/steiner/cmd/steiner/tools.go:86.45,88.3 1 0
github.com/luispabon/steiner/cmd/steiner/tools.go:89.2,89.25 1 0
github.com/luispabon/steiner/cmd/steiner/tools.go:92.64,95.38 3 0
github.com/luispabon/steiner/cmd/steiner/tools.go:95.38,97.17 2 0
github.com/luispabon/steiner/cmd/steiner/tools.go:97.17,98.12 1 0
github.com/luispabon/steiner/cmd/steiner/tools.go:100.3,104.50 5 0
github.com/luispabon/steiner/cmd/steiner/tools.go:104.50,106.4 1 0
github.com/luispabon/steiner/cmd/steiner/tools.go:108.2,113.23 2 0
github.com/luispabon/steiner/cmd/steiner/tools.go:113.23,115.3 1 0
github.com/luispabon/steiner/cmd/steiner/tools.go:116.2,116.12 1 0
github.com/luispabon/steiner/cmd/steiner/tools.go:119.70,126.2 1 0
github.com/luispabon/steiner/cmd/steiner/tools.go:128.70,135.2 1 0
github.com/luispabon/steiner/cmd/steiner/tools.go:137.65,139.16 2 0
github.com/luispabon/steiner/cmd/steiner/tools.go:139.16,141.3 1 0
github.com/luispabon/steiner/cmd/steiner/tools.go:143.2,144.68 2 0
github.com/luispabon/steiner/cmd/steiner/tools.go:144.68,146.3 1 0
github.com/luispabon/steiner/cmd/steiner/tools.go:147.2,147.22 1 0
